l_complete(task)
           ^^^^^^^^^^^^^^^^^^^
^^^^^^^^^^^^^^^^
  File "C:\Users\anton\.pyenv\
pyenv-win\versions\3.11.6\Lib\
asyncio\base_events.py", line 
653, in run_until_complete
    return future.result()
           ^^^^^^^^^^^^^^^
  File "C:\Repositorios\qlx-tr
affic-controller\backend\tools
\verify_research_agents.py", 
line 38, in verify_research
    print(f"\u274c 
Verification failed: {e}")
  File "C:\Users\anton\.pyenv\
pyenv-win\versions\3.11.6\Lib\
encodings\cp1252.py", line 
19, in encode
    return codecs.charmap_enco
de(input,self.errors,encoding_
table)[0]
           ^^^^^^^^^^^^^^^^^^^
^^^^^^^^^^^^^^^^^^^^^^^^^^^^^^
^^^^^^
UnicodeEncodeError: 'charmap' 
codec can't encode character 
'\u274c' in position 0: 
character maps to <undefined>
